// Jest Snapshot v1, https://goo.gl/fbAQLP

exports[`Should render a list with 2 items 1`] = `
<div>
  <div
    className="ListItem_root"
  >
    <div
      className="ListItem_rowContainer"
    >
      <span
        className="ListItem_rowTitle"
      >
        Name:
      </span>
      I like lots of movies9
    </div>
    <div
      className="ListItem_rowContainer"
    >
      <span
        className="ListItem_rowTitle"
      >
        Created by:
      </span>
      me
    </div>
    <div
      className="ListItem_rowContainer"
    >
      <span
        className="ListItem_rowTitle"
      >
        Rating:
      </span>
      <div
        className="dv-star-rating"
        style={
          Object {
            "display": "inline-block",
            "position": "relative",
          }
        }
      >
        <input
          checked={true}
          className="dv-star-rating-input"
          id="Rating_5"
          name="Rating"
          onChange={[Function]}
          style={
            Object {
              "display": "none",
              "marginLeft": -9999,
              "position": "absolute",
            }
          }
          type="radio"
          value={5}
        />
        <label
          className="dv-star-rating-star dv-star-rating-full-star"
          htmlFor="Rating_5"
          onClick={[Function]}
          onMouseLeave={[Function]}
          onMouseOver={[Function]}
          style={
            Object {
              "color": "#ffb400",
              "cursor": "pointer",
              "float": "right",
            }
          }
        >
          <i
            style={
              Object {
                "fontStyle": "normal",
              }
            }
          >
            ★
          </i>
        </label>
        <input
          checked={false}
          className="dv-star-rating-input"
          id="Rating_4"
          name="Rating"
          onChange={[Function]}
          style={
            Object {
              "display": "none",
              "marginLeft": -9999,
              "position": "absolute",
            }
          }
          type="radio"
          value={4}
        />
        <label
          className="dv-star-rating-star dv-star-rating-full-star"
          htmlFor="Rating_4"
          onClick={[Function]}
          onMouseLeave={[Function]}
          onMouseOver={[Function]}
          style={
            Object {
              "color": "#ffb400",
              "cursor": "pointer",
              "float": "right",
            }
          }
        >
          <i
            style={
              Object {
                "fontStyle": "normal",
              }
            }
          >
            ★
          </i>
        </label>
        <input
          checked={false}
          className="dv-star-rating-input"
          id="Rating_3"
          name="Rating"
          onChange={[Function]}
          style={
            Object {
              "display": "none",
              "marginLeft": -9999,
              "position": "absolute",
            }
          }
          type="radio"
          value={3}
        />
        <label
          className="dv-star-rating-star dv-star-rating-full-star"
          htmlFor="Rating_3"
          onClick={[Function]}
          onMouseLeave={[Function]}
          onMouseOver={[Function]}
          style={
            Object {
              "color": "#ffb400",
              "cursor": "pointer",
              "float": "right",
            }
          }
        >
          <i
            style={
              Object {
                "fontStyle": "normal",
              }
            }
          >
            ★
          </i>
        </label>
        <input
          checked={false}
          className="dv-star-rating-input"
          id="Rating_2"
          name="Rating"
          onChange={[Function]}
          style={
            Object {
              "display": "none",
              "marginLeft": -9999,
              "position": "absolute",
            }
          }
          type="radio"
          value={2}
        />
        <label
          className="dv-star-rating-star dv-star-rating-full-star"
          htmlFor="Rating_2"
          onClick={[Function]}
          onMouseLeave={[Function]}
          onMouseOver={[Function]}
          style={
            Object {
              "color": "#ffb400",
              "cursor": "pointer",
              "float": "right",
            }
          }
        >
          <i
            style={
              Object {
                "fontStyle": "normal",
              }
            }
          >
            ★
          </i>
        </label>
        <input
          checked={false}
          className="dv-star-rating-input"
          id="Rating_1"
          name="Rating"
          onChange={[Function]}
          style={
            Object {
              "display": "none",
              "marginLeft": -9999,
              "position": "absolute",
            }
          }
          type="radio"
          value={1}
        />
        <label
          className="dv-star-rating-star dv-star-rating-full-star"
          htmlFor="Rating_1"
          onClick={[Function]}
          onMouseLeave={[Function]}
          onMouseOver={[Function]}
          style={
            Object {
              "color": "#ffb400",
              "cursor": "pointer",
              "float": "right",
            }
          }
        >
          <i
            style={
              Object {
                "fontStyle": "normal",
              }
            }
          >
            ★
          </i>
        </label>
      </div>
    </div>
    <div
      className="ListItem_rowContainer"
    >
      <span
        className="ListItem_rowTitle"
      >
        Duration:
      </span>
      100 minutes
    </div>
  </div>
</div>
`;

exports[`Should render empty list 1`] = `<div />`;
